2026-08-06 21:56:54.485: [INFO] CurrentProfilePath: C:\Furb\2 semestre\Programacao orienteada a objetos\.metadata\.plugins\org.eclipse.swt\EBWebView\Default
2026-08-06 21:56:54.485: [INFO] Profiles total count: 1
2026-08-06 21:56:54.485: [INFO] Profile: name=Perfil 1 path=C:\Furb\2 semestre\Programacao orienteada a objetos\.metadata\.plugins\org.eclipse.swt\EBWebView\Default lastActive=null
2026-08-06 21:56:54.485: [INFO] LastUsedProfileDir: C:\Furb\2 semestre\Programacao orienteada a objetos\.metadata\.plugins\org.eclipse.swt\EBWebView\Default
2026-08-06 21:56:54.485: [INFO] OnDoneLoading sync enabled: 0
2026-08-06 21:56:54.485: [INFO] BookmarkModelLoaded, ids_reassigned: 0
2026-08-06 21:56:54.485: [INFO] BookmarksLoadDropped droppedNodes=0
2026-08-06 21:56:54.485: [INFO] BookmarksSnapshot Startup total=0 bar=0 other=0 mobile=0 showBar=0 showBarNTP=1
2026-08-06 22:08:05.777: [INFO] BookmarksSnapshot Shutdown total=0 bar=0 other=0 mobile=0 showBar=0 showBarNTP=1
2026-08-06 22:28:43.247: [INFO] CurrentProfilePath: C:\Furb\2 semestre\Programacao orienteada a objetos\.metadata\.plugins\org.eclipse.swt\EBWebView\Default
2026-08-06 22:28:43.247: [INFO] Profiles total count: 1
2026-08-06 22:28:43.248: [INFO] Profile: name=Perfil 1 path=C:\Furb\2 semestre\Programacao orienteada a objetos\.metadata\.plugins\org.eclipse.swt\EBWebView\Default lastActive=2026-08-06T22:03:17.144Z
2026-08-06 22:28:43.248: [INFO] LastUsedProfileDir: C:\Furb\2 semestre\Programacao orienteada a objetos\.metadata\.plugins\org.eclipse.swt\EBWebView\Default
2026-08-06 22:28:43.248: [INFO] MostRecentlyActiveProfile: name=Perfil 1 path=C:\Furb\2 semestre\Programacao orienteada a objetos\.metadata\.plugins\org.eclipse.swt\EBWebView\Default lastActive=2026-08-06T22:03:17.144Z
2026-08-06 22:28:43.248: [INFO] OnDoneLoading sync enabled: 0
2026-08-06 22:28:43.248: [INFO] BookmarkModelLoaded, ids_reassigned: 0
2026-08-06 22:28:43.248: [INFO] BookmarksLoadDropped droppedNodes=0
2026-08-06 22:28:43.248: [INFO] BookmarksSnapshot Startup total=0 bar=0 other=0 mobile=0 showBar=0 showBarNTP=1
2026-08-06 22:30:34.605: [INFO] BookmarksSnapshot Shutdown total=0 bar=0 other=0 mobile=0 showBar=0 showBarNTP=1
2026-08-06 22:30:56.492: [INFO] CurrentProfilePath: C:\Furb\2 semestre\Programacao orienteada a objetos\.metadata\.plugins\org.eclipse.swt\EBWebView\Default
2026-08-06 22:30:56.492: [INFO] Profiles total count: 1
2026-08-06 22:30:56.493: [INFO] Profile: name=Perfil 1 path=C:\Furb\2 semestre\Programacao orienteada a objetos\.metadata\.plugins\org.eclipse.swt\EBWebView\Default lastActive=2026-08-06T22:03:17.144Z
2026-08-06 22:30:56.493: [INFO] LastUsedProfileDir: C:\Furb\2 semestre\Programacao orienteada a objetos\.metadata\.plugins\org.eclipse.swt\EBWebView\Default
2026-08-06 22:30:56.493: [INFO] MostRecentlyActiveProfile: name=Perfil 1 path=C:\Furb\2 semestre\Programacao orienteada a objetos\.metadata\.plugins\org.eclipse.swt\EBWebView\Default lastActive=2026-08-06T22:03:17.144Z
2026-08-06 22:30:56.493: [INFO] OnDoneLoading sync enabled: 0
2026-08-06 22:30:56.493: [INFO] BookmarkModelLoaded, ids_reassigned: 0
2026-08-06 22:30:56.493: [INFO] BookmarksLoadDropped droppedNodes=0
2026-08-06 22:30:56.493: [INFO] BookmarksSnapshot Startup total=0 bar=0 other=0 mobile=0 showBar=0 showBarNTP=1
2026-08-06 22:31:05.225: [INFO] BookmarksSnapshot Shutdown total=0 bar=0 other=0 mobile=0 showBar=0 showBarNTP=1
2026-08-06 22:38:08.714: [INFO] CurrentProfilePath: C:\Furb\2 semestre\Programacao orienteada a objetos\.metadata\.plugins\org.eclipse.swt\EBWebView\Default
2026-08-06 22:38:08.714: [INFO] Profiles total count: 1
2026-08-06 22:38:08.714: [INFO] Profile: name=Perfil 1 path=C:\Furb\2 semestre\Programacao orienteada a objetos\.metadata\.plugins\org.eclipse.swt\EBWebView\Default lastActive=2026-08-06T22:03:17.144Z
2026-08-06 22:38:08.714: [INFO] LastUsedProfileDir: C:\Furb\2 semestre\Programacao orienteada a objetos\.metadata\.plugins\org.eclipse.swt\EBWebView\Default
2026-08-06 22:38:08.714: [INFO] MostRecentlyActiveProfile: name=Perfil 1 path=C:\Furb\2 semestre\Programacao orienteada a objetos\.metadata\.plugins\org.eclipse.swt\EBWebView\Default lastActive=2026-08-06T22:03:17.144Z
2026-08-06 22:38:08.714: [INFO] OnDoneLoading sync enabled: 0
2026-08-06 22:38:08.714: [INFO] BookmarkModelLoaded, ids_reassigned: 0
2026-08-06 22:38:08.714: [INFO] BookmarksLoadDropped droppedNodes=0
2026-08-06 22:38:08.714: [INFO] BookmarksSnapshot Startup total=0 bar=0 other=0 mobile=0 showBar=0 showBarNTP=1
2026-08-06 22:39:29.835: [INFO] BookmarksSnapshot Shutdown total=0 bar=0 other=0 mobile=0 showBar=0 showBarNTP=1
2026-08-06 22:52:54.789: [INFO] CurrentProfilePath: C:\Furb\2 semestre\Programacao orienteada a objetos\.metadata\.plugins\org.eclipse.swt\EBWebView\Default
2026-08-06 22:52:54.789: [INFO] Profiles total count: 1
2026-08-06 22:52:54.789: [INFO] Profile: name=Perfil 1 path=C:\Furb\2 semestre\Programacao orienteada a objetos\.metadata\.plugins\org.eclipse.swt\EBWebView\Default lastActive=2026-08-06T22:03:17.144Z
2026-08-06 22:52:54.789: [INFO] LastUsedProfileDir: C:\Furb\2 semestre\Programacao orienteada a objetos\.metadata\.plugins\org.eclipse.swt\EBWebView\Default
2026-08-06 22:52:54.789: [INFO] MostRecentlyActiveProfile: name=Perfil 1 path=C:\Furb\2 semestre\Programacao orienteada a objetos\.metadata\.plugins\org.eclipse.swt\EBWebView\Default lastActive=2026-08-06T22:03:17.144Z
2026-08-06 22:52:54.789: [INFO] OnDoneLoading sync enabled: 0
2026-08-06 22:52:54.789: [INFO] BookmarkModelLoaded, ids_reassigned: 0
2026-08-06 22:52:54.789: [INFO] BookmarksLoadDropped droppedNodes=0
2026-08-06 22:52:54.789: [INFO] BookmarksSnapshot Startup total=0 bar=0 other=0 mobile=0 showBar=0 showBarNTP=1
2026-08-06 23:02:24.973: [INFO] BookmarksSnapshot Shutdown total=0 bar=0 other=0 mobile=0 showBar=0 showBarNTP=1
2026-08-12 22:26:24.824: [INFO] CurrentProfilePath: C:\Furb\2 semestre\Programacao orienteada a objetos\.metadata\.plugins\org.eclipse.swt\EBWebView\Default
2026-08-12 22:26:24.824: [INFO] Profiles total count: 1
2026-08-12 22:26:24.824: [INFO] Profile: name=Perfil 1 path=C:\Furb\2 semestre\Programacao orienteada a objetos\.metadata\.plugins\org.eclipse.swt\EBWebView\Default lastActive=2026-08-06T22:03:17.144Z
2026-08-12 22:26:24.824: [INFO] LastUsedProfileDir: C:\Furb\2 semestre\Programacao orienteada a objetos\.metadata\.plugins\org.eclipse.swt\EBWebView\Default
2026-08-12 22:26:24.824: [INFO] MostRecentlyActiveProfile: name=Perfil 1 path=C:\Furb\2 semestre\Programacao orienteada a objetos\.metadata\.plugins\org.eclipse.swt\EBWebView\Default lastActive=2026-08-06T22:03:17.144Z
2026-08-12 22:26:24.824: [INFO] OnDoneLoading sync enabled: 0
2026-08-12 22:26:24.824: [INFO] BookmarkModelLoaded, ids_reassigned: 0
2026-08-12 22:26:24.824: [INFO] BookmarksLoadDropped droppedNodes=0
2026-08-12 22:26:24.824: [INFO] BookmarksSnapshot Startup total=0 bar=0 other=0 mobile=0 showBar=0 showBarNTP=1
2026-08-12 23:39:29.157: [INFO] BookmarksSnapshot Shutdown total=0 bar=0 other=0 mobile=0 showBar=0 showBarNTP=1
2026-08-12 23:39:58.441: [INFO] CurrentProfilePath: C:\Furb\2 semestre\Programacao orienteada a objetos\.metadata\.plugins\org.eclipse.swt\EBWebView\Default
2026-08-12 23:39:58.441: [INFO] Profiles total count: 1
2026-08-12 23:39:58.441: [INFO] Profile: name=Perfil 1 path=C:\Furb\2 semestre\Programacao orienteada a objetos\.metadata\.plugins\org.eclipse.swt\EBWebView\Default lastActive=2026-08-06T22:03:17.144Z
2026-08-12 23:39:58.441: [INFO] LastUsedProfileDir: C:\Furb\2 semestre\Programacao orienteada a objetos\.metadata\.plugins\org.eclipse.swt\EBWebView\Default
2026-08-12 23:39:58.441: [INFO] MostRecentlyActiveProfile: name=Perfil 1 path=C:\Furb\2 semestre\Programacao orienteada a objetos\.metadata\.plugins\org.eclipse.swt\EBWebView\Default lastActive=2026-08-06T22:03:17.144Z
2026-08-12 23:39:58.441: [INFO] OnDoneLoading sync enabled: 0
2026-08-12 23:39:58.441: [INFO] BookmarkModelLoaded, ids_reassigned: 0
2026-08-12 23:39:58.441: [INFO] BookmarksLoadDropped droppedNodes=0
2026-08-12 23:39:58.441: [INFO] BookmarksSnapshot Startup total=0 bar=0 other=0 mobile=0 showBar=0 showBarNTP=1
2026-08-12 23:39:58.529: [INFO] BookmarksSnapshot Shutdown total=0 bar=0 other=0 mobile=0 showBar=0 showBarNTP=1
2026-08-12 23:46:29.049: [INFO] CurrentProfilePath: C:\Furb\2 semestre\Programacao orienteada a objetos\.metadata\.plugins\org.eclipse.swt\EBWebView\Default
2026-08-12 23:46:29.049: [INFO] Profiles total count: 1
2026-08-12 23:46:29.049: [INFO] Profile: name=Perfil 1 path=C:\Furb\2 semestre\Programacao orienteada a objetos\.metadata\.plugins\org.eclipse.swt\EBWebView\Default lastActive=2026-08-06T22:03:17.144Z
2026-08-12 23:46:29.049: [INFO] LastUsedProfileDir: C:\Furb\2 semestre\Programacao orienteada a objetos\.metadata\.plugins\org.eclipse.swt\EBWebView\Default
2026-08-12 23:46:29.049: [INFO] MostRecentlyActiveProfile: name=Perfil 1 path=C:\Furb\2 semestre\Programacao orienteada a objetos\.metadata\.plugins\org.eclipse.swt\EBWebView\Default lastActive=2026-08-06T22:03:17.144Z
2026-08-12 23:46:29.049: [INFO] OnDoneLoading sync enabled: 0
2026-08-12 23:46:29.049: [INFO] BookmarkModelLoaded, ids_reassigned: 0
2026-08-12 23:46:29.049: [INFO] BookmarksLoadDropped droppedNodes=0
2026-08-12 23:46:29.049: [INFO] BookmarksSnapshot Startup total=0 bar=0 other=0 mobile=0 showBar=0 showBarNTP=1
2026-08-13 00:31:36.873: [INFO] BookmarksSnapshot Shutdown total=0 bar=0 other=0 mobile=0 showBar=0 showBarNTP=1
